app/(admin)/config.tsx(28,27): error TS7006: Parameter 'value' implicitly has an 'any' type.
app/(admin)/config.tsx(40,7): error TS7053: Element implicitly has an 'any' type because expression of type 'string' can't be used to index type 'SystemConfig'.
  No index signature with a parameter of type 'string' was found on type 'SystemConfig'.
app/(admin)/config.tsx(115,27): error TS7053: Element implicitly has an 'any' type because expression of type 'string' can't be used to index type 'SystemConfig'.
  No index signature with a parameter of type 'string' was found on type 'SystemConfig'.
app/(admin)/reports.tsx(108,19): error TS2353: Object literal may only specify known properties, and 'date' does not exist in type 'HeatmapData'.
app/(admin)/reports.tsx(109,19): error TS2353: Object literal may only specify known properties, and 'date' does not exist in type 'HeatmapData'.
app/(admin)/reports.tsx(110,19): error TS2353: Object literal may only specify known properties, and 'date' does not exist in type 'HeatmapData'.
app/(admin)/reports.tsx(111,19): error TS2353: Object literal may only specify known properties, and 'date' does not exist in type 'HeatmapData'.
app/(admin)/reports.tsx(112,19): error TS2353: Object literal may only specify known properties, and 'date' does not exist in type 'HeatmapData'.
app/(admin)/reports.tsx(125,15): error TS2322: Type '{ branches: any; title: string; }' is not assignable to type 'IntrinsicAttributes'.
  Property 'branches' does not exist on type 'IntrinsicAttributes'.
app/(librarian)/books.tsx(14,11): error TS2339: Property 'useBooks' does not exist on type '{ useMember: () => { borrows: { list: () => UseQueryResult<BorrowRecord[], Error>; borrow: UseMutationResult<any, Error, { isbn: string; branchId: string; }, unknown>; return: UseMutationResult<...>; pay: UseMutationResult<...>; }; gamification: { ...; }; feed: { ...; }; }; ... 15 more ...; feed: { ...; }; }'.
app/(librarian)/books.tsx(14,21): error TS2339: Property 'syncBook' does not exist on type '{ useMember: () => { borrows: { list: () => UseQueryResult<BorrowRecord[], Error>; borrow: UseMutationResult<any, Error, { isbn: string; branchId: string; }, unknown>; return: UseMutationResult<...>; pay: UseMutationResult<...>; }; gamification: { ...; }; feed: { ...; }; }; ... 15 more ...; feed: { ...; }; }'.
app/(librarian)/books.tsx(160,21): error TS7006: Parameter 'text' implicitly has an 'any' type.
app/(librarian)/books.tsx(187,39): error TS7006: Parameter 'book' implicitly has an 'any' type.
app/(librarian)/books.tsx(234,31): error TS7006: Parameter 'book' implicitly has an 'any' type.
app/(librarian)/borrows.tsx(10,60): error TS2339: Property 'listAll' does not exist on type '{ getAllBorrows: () => UseQueryResult<any[], Error>; approveBorrow: UseMutationResult<any, Error, string, unknown>; rejectBorrow: UseMutationResult<any, Error, { ...; }, unknown>; list: () => UseQueryResult<...>; borrow: UseMutationResult<...>; return: UseMutationResult<...>; pay: UseMutationResult<...>; }'.
app/(librarian)/borrows.tsx(11,35): error TS2339: Property 'approve' does not exist on type '{ getAllBorrows: () => UseQueryResult<any[], Error>; approveBorrow: UseMutationResult<any, Error, string, unknown>; rejectBorrow: UseMutationResult<any, Error, { ...; }, unknown>; list: () => UseQueryResult<...>; borrow: UseMutationResult<...>; return: UseMutationResult<...>; pay: UseMutationResult<...>; }'.
app/(librarian)/borrows.tsx(12,34): error TS2339: Property 'reject' does not exist on type '{ getAllBorrows: () => UseQueryResult<any[], Error>; approveBorrow: UseMutationResult<any, Error, string, unknown>; rejectBorrow: UseMutationResult<any, Error, { ...; }, unknown>; list: () => UseQueryResult<...>; borrow: UseMutationResult<...>; return: UseMutationResult<...>; pay: UseMutationResult<...>; }'.
app/(librarian)/borrows.tsx(23,43): error TS7006: Parameter 'b' implicitly has an 'any' type.
app/(librarian)/borrows.tsx(47,25): error TS7006: Parameter 'reason' implicitly has an 'any' type.
app/(librarian)/demand-prediction.tsx(5,30): error TS2307: Cannot find module '../../src/hooks/library/useAnalytics' or its corresponding type declarations.
app/(librarian)/index.tsx(21,40): error TS2339: Property 'listAll' does not exist on type '{ getAllBorrows: () => UseQueryResult<any[], Error>; approveBorrow: UseMutationResult<any, Error, string, unknown>; rejectBorrow: UseMutationResult<any, Error, { ...; }, unknown>; list: () => UseQueryResult<...>; borrow: UseMutationResult<...>; return: UseMutationResult<...>; pay: UseMutationResult<...>; }'.
app/(librarian)/index.tsx(25,44): error TS7006: Parameter 'b' implicitly has an 'any' type.
app/(librarian)/index.tsx(26,47): error TS7006: Parameter 'b' implicitly has an 'any' type.
app/(librarian)/index.tsx(45,44): error TS7006: Parameter 'b' implicitly has an 'any' type.
app/(librarian)/index.tsx(111,14): error TS2304: Cannot find name 't'.
app/(librarian)/index.tsx(112,17): error TS2304: Cannot find name 't'.
app/(librarian)/index.tsx(119,14): error TS2304: Cannot find name 't'.
app/(librarian)/index.tsx(176,59): error TS2551: Property 'full_name' does not exist on type 'Profile'. Did you mean 'fullName'?
app/(librarian)/index.tsx(280,44): error TS2304: Cannot find name 't'.
app/(librarian)/index.tsx(288,72): error TS2304: Cannot find name 't'.
app/(librarian)/index.tsx(291,46): error TS2304: Cannot find name 't'.
app/(librarian)/insights.tsx(16,39): error TS2307: Cannot find module '../../src/hooks/library/useLibrarianAnalytics' or its corresponding type declarations.
app/(librarian)/insights.tsx(17,30): error TS2307: Cannot find module '../../src/hooks/library/useAnalytics' or its corresponding type declarations.
app/(librarian)/insights.tsx(180,16): error TS2769: No overload matches this call.
  Overload 1 of 2, '(props: AbstractChartProps & BarChartProps): BarChart', gave the following error.
    Type '{ data: { labels: any; datasets: { data: any; }[]; }; width: number; height: number; chartConfig: { backgroundGradientFrom: string; backgroundGradientTo: string; color: (opacity?: number) => string; labelColor: (opacity?: number) => string; strokeWidth: number; barPercentage: number; useShadowColorFromDataset: boole...' is missing the following properties from type 'Readonly<AbstractChartProps & BarChartProps>': yAxisLabel, yAxisSuffix
  Overload 2 of 2, '(props: AbstractChartProps & BarChartProps, context: any): BarChart', gave the following error.
    Type '{ data: { labels: any; datasets: { data: any; }[]; }; width: number; height: number; chartConfig: { backgroundGradientFrom: string; backgroundGradientTo: string; color: (opacity?: number) => string; labelColor: (opacity?: number) => string; strokeWidth: number; barPercentage: number; useShadowColorFromDataset: boole...' is missing the following properties from type 'Readonly<AbstractChartProps & BarChartProps>': yAxisLabel, yAxisSuffix
app/(librarian)/insights.tsx(182,49): error TS7006: Parameter 'p' implicitly has an 'any' type.
app/(librarian)/insights.tsx(184,49): error TS7006: Parameter 'p' implicitly has an 'any' type.
app/(librarian)/insights.tsx(204,34): error TS7006: Parameter 's' implicitly has an 'any' type.
app/(librarian)/insights.tsx(205,34): error TS7006: Parameter 's' implicitly has an 'any' type.
app/(librarian)/insights.tsx(205,73): error TS7006: Parameter 'suggestion' implicitly has an 'any' type.
app/(librarian)/insights.tsx(241,32): error TS7006: Parameter 'suggestion' implicitly has an 'any' type.
app/(librarian)/logistics.tsx(28,11): error TS2339: Property 'logistics' does not exist on type '{ useMember: () => { borrows: { list: () => UseQueryResult<BorrowRecord[], Error>; borrow: UseMutationResult<any, Error, { isbn: string; branchId: string; }, unknown>; return: UseMutationResult<...>; pay: UseMutationResult<...>; }; gamification: { ...; }; feed: { ...; }; }; ... 15 more ...; feed: { ...; }; }'.
app/(librarian)/logistics.tsx(207,9): error TS2769: No overload matches this call.
  Overload 1 of 2, '(props: FlatListProps<Transfer>): FlatList<Transfer>', gave the following error.
    Type 'false | Element' is not assignable to type 'ComponentType<any> | ReactElement<unknown, string | JSXElementConstructor<any>> | null | undefined'.
      Type 'false' is not assignable to type 'ComponentType<any> | ReactElement<unknown, string | JSXElementConstructor<any>> | null | undefined'.
  Overload 2 of 2, '(props: FlatListProps<Transfer>, context: any): FlatList<Transfer>', gave the following error.
    Type 'false | Element' is not assignable to type 'ComponentType<any> | ReactElement<unknown, string | JSXElementConstructor<any>> | null | undefined'.
      Type 'false' is not assignable to type 'ComponentType<any> | ReactElement<unknown, string | JSXElementConstructor<any>> | null | undefined'.
app/(librarian)/reports.tsx(15,67): error TS2339: Property 'listAll' does not exist on type '{ getAllBorrows: () => UseQueryResult<any[], Error>; approveBorrow: UseMutationResult<any, Error, string, unknown>; rejectBorrow: UseMutationResult<any, Error, { ...; }, unknown>; list: () => UseQueryResult<...>; borrow: UseMutationResult<...>; return: UseMutationResult<...>; pay: UseMutationResult<...>; }'.
app/(librarian)/reports.tsx(35,44): error TS7006: Parameter 'b' implicitly has an 'any' type.
app/(librarian)/reports.tsx(36,45): error TS7006: Parameter 'b' implicitly has an 'any' type.
app/(librarian)/sources.tsx(6,38): error TS2307: Cannot find module '../../src/services/audioEnrichment' or its corresponding type declarations.
app/(member)/analytics.tsx(31,11): error TS2339: Property 'analytics' does not exist on type '{ useMember: () => { borrows: { list: () => UseQueryResult<BorrowRecord[], Error>; borrow: UseMutationResult<any, Error, { isbn: string; branchId: string; }, unknown>; return: UseMutationResult<...>; pay: UseMutationResult<...>; }; gamification: { ...; }; feed: { ...; }; }; ... 15 more ...; feed: { ...; }; }'.
app/(member)/analytics.tsx(45,32): error TS7006: Parameter 'g' implicitly has an 'any' type.
app/(member)/analytics.tsx(45,35): error TS7006: Parameter 'i' implicitly has an 'any' type.
app/(member)/analytics.tsx(102,16): error TS2741: Property 'tooltipDataAttrs' is missing in type '{ values: any; endDate: Date; numDays: number; width: number; height: number; chartConfig: { backgroundColor: string; backgroundGradientFrom: string; backgroundGradientTo: string; decimalPlaces: number; color: (opacity?: number) => string; labelColor: (opacity?: number) => string; style: { ...; }; propsForDots: { .....' but required in type 'Pick<Readonly<AbstractChartProps & ContributionGraphProps>, "values" | "height" | "width" | "fromZero" | "fromNumber" | ... 11 more ... | "tooltipDataAttrs">'.
app/(member)/analytics.tsx(120,61): error TS7006: Parameter 'acc' implicitly has an 'any' type.
app/(member)/analytics.tsx(120,66): error TS7006: Parameter 'g' implicitly has an 'any' type.
app/(member)/audiobooks.tsx(69,41): error TS2304: Cannot find name 'formatDuration'.
app/(member)/audiobooks/[id].tsx(10,27): error TS2307: Cannot find module '../../../src/hooks/library/useSocial' or its corresponding type declarations.
app/(member)/audiobooks/[id].tsx(20,37): error TS2339: Property 'getById' does not exist on type '{ list: (limit?: number) => UseQueryResult<EnrichedAudiobook[], Error>; search: (query: string) => UseQueryResult<EnrichedAudiobook[], Error>; }'.
app/(member)/audiobooks/index.tsx(60,26): error TS2769: No overload matches this call.
  Overload 1 of 2, '(props: ImageProps): Image', gave the following error.
    Type '{ uri: string | null; }' is not assignable to type 'ImageSourcePropType | undefined'.
      Types of property 'uri' are incompatible.
        Type 'string | null' is not assignable to type 'string | undefined'.
          Type 'null' is not assignable to type 'string | undefined'.
  Overload 2 of 2, '(props: ImageProps, context: any): Image', gave the following error.
    Type '{ uri: string | null; }' is not assignable to type 'ImageSourcePropType | undefined'.
      Types of property 'uri' are incompatible.
        Type 'string | null' is not assignable to type 'string | undefined'.
          Type 'null' is not assignable to type 'string | undefined'.
app/(member)/audiobooks/index.tsx(70,65): error TS2339: Property 'duration' does not exist on type 'EnrichedAudiobook'.
app/(member)/chat.tsx(176,12): error TS2304: Cannot find name 'ScrollView'.
app/(member)/chat.tsx(191,13): error TS2304: Cannot find name 'ScrollView'.
app/(member)/club/[id].tsx(4,22): error TS2305: Module '"../../../src/hooks/useLibrary"' has no exported member 'useClubChat'.
app/(member)/club/[id].tsx(51,11): error TS2339: Property 'bookClubs' does not exist on type '{ useMember: () => { borrows: { list: () => UseQueryResult<BorrowRecord[], Error>; borrow: UseMutationResult<any, Error, { isbn: string; branchId: string; }, unknown>; return: UseMutationResult<...>; pay: UseMutationResult<...>; }; gamification: { ...; }; feed: { ...; }; }; ... 15 more ...; feed: { ...; }; }'.
app/(member)/club/[id].tsx(54,28): error TS7006: Parameter 'c' implicitly has an 'any' type.
app/(member)/community.tsx(89,17): error TS2339: Property 'bookClubs' does not exist on type '{ useMember: () => { borrows: { list: () => UseQueryResult<BorrowRecord[], Error>; borrow: UseMutationResult<any, Error, { isbn: string; branchId: string; }, unknown>; return: UseMutationResult<...>; pay: UseMutationResult<...>; }; gamification: { ...; }; feed: { ...; }; }; ... 15 more ...; feed: { ...; }; }'.
app/(member)/downloads.tsx(5,47): error TS2307: Cannot find module '../../src/services/downloadService' or its corresponding type declarations.
app/(member)/history.tsx(5,10): error TS2305: Module '"../../src/hooks/useLibrary"' has no exported member 'BorrowRecord'.
app/(member)/history.tsx(7,32): error TS2307: Cannot find module '../../src/services/paymentService' or its corresponding type declarations.
app/(member)/index.tsx(1030,20): error TS18048: 'aiResponse.books.length' is possibly 'undefined'.
app/(member)/index.tsx(1033,24): error TS18047: 'aiResponse' is possibly 'null'.
r2-audio-worker/src/index.ts(2,17): error TS2304: Cannot find name 'R2Bucket'.
scratch/metadata-scraper/save-to-db.ts(6,22): error TS7016: Could not find a declaration file for module 'pg'. 'C:/Users/tien2004/Downloads/library-app/node_modules/pg/esm/index.mjs' implicitly has an 'any' type.
  Try `npm i --save-dev @types/pg` if it exists or add a new declaration (.d.ts) file containing `declare module 'pg';`
scratch/metadata-scraper/verify-match.ts(23,29): error TS2339: Property 'preview_url' does not exist on type 'AudiobookMetadata'.
scratch/metadata-scraper/voizfm-scraper.ts(228,27): error TS2339: Property 'title' does not exist on type 'never'.
scratch/metadata-scraper/voizfm-scraper.ts(229,28): error TS2339: Property 'author' does not exist on type 'never'.
scratch/metadata-scraper/voizfm-scraper.ts(230,30): error TS2339: Property 'narrator' does not exist on type 'never'.
scratch/metadata-scraper/voizfm-scraper.ts(231,33): error TS2339: Property 'description' does not exist on type 'never'.
scratch/metadata-scraper/voizfm-scraper.ts(232,31): error TS2339: Property 'publisher' does not exist on type 'never'.
scratch/metadata-scraper/voizfm-scraper.ts(235,31): error TS2339: Property 'cover' does not exist on type 'never'.
scratch/metadata-scraper/voizfm-scraper.ts(235,53): error TS2339: Property 'image' does not exist on type 'never'.
scratch/metadata-scraper/voizfm-scraper.ts(237,29): error TS2339: Property 'duration' does not exist on type 'never'.
scratch/metadata-scraper/voizfm-scraper.ts(238,25): error TS2339: Property 'duration' does not exist on type 'never'.
scratch/metadata-scraper/voizfm-scraper.ts(242,24): error TS2339: Property 'categories' does not exist on type 'never'.
scratch/metadata-scraper/voizfm-scraper.ts(243,27): error TS2339: Property 'categories' does not exist on type 'never'.
scratch/metadata-scraper/voizfm-scraper.ts(245,27): error TS2339: Property 'tags' does not exist on type 'never'.
scratch/metadata-scraper/voizfm-scraper.ts(246,27): error TS2339: Property 'price' does not exist on type 'never'.
scratch/metadata-scraper/voizfm-scraper.ts(247,29): error TS2339: Property 'isFree' does not exist on type 'never'.
scratch/metadata-scraper/voizfm-scraper.ts(248,28): error TS2339: Property 'rating' does not exist on type 'never'.
scratch/metadata-scraper/voizfm-scraper.ts(248,51): error TS2339: Property 'totalRating' does not exist on type 'never'.
scratch/metadata-scraper/voizfm-scraper.ts(249,34): error TS2339: Property 'reviewCount' does not exist on type 'never'.
src/hooks/library/useReadingRoom.ts(41,32): error TS2551: Property 'full_name' does not exist on type 'Profile'. Did you mean 'fullName'?
src/hooks/library/useReadingRoom.ts(42,33): error TS2551: Property 'avatar_url' does not exist on type 'Profile'. Did you mean 'avatarUrl'?
src/hooks/library/useReadingRoom.ts(58,27): error TS2551: Property 'full_name' does not exist on type 'Profile'. Did you mean 'fullName'?
supabase/functions/_shared/middleware.ts(1,30): error TS2307: Cannot find module 'https://esm.sh/@supabase/supabase-js@2.39.7' or its corresponding type declarations.
supabase/functions/_shared/middleware.ts(34,7): error TS2304: Cannot find name 'Deno'.
supabase/functions/_shared/middleware.ts(35,7): error TS2304: Cannot find name 'Deno'.
supabase/functions/_shared/validation.ts(1,19): error TS2307: Cannot find module 'https://esm.sh/zod@3.22.4' or its corresponding type declarations.
supabase/functions/admin-manager/index.ts(1,30): error TS2307: Cannot find module 'https://esm.sh/@supabase/supabase-js@2.39.7' or its corresponding type declarations.
supabase/functions/admin-manager/index.ts(7,8): error TS5097: An import path can only end with a '.ts' extension when 'allowImportingTsExtensions' is enabled.
supabase/functions/admin-manager/index.ts(13,8): error TS5097: An import path can only end with a '.ts' extension when 'allowImportingTsExtensions' is enabled.
supabase/functions/admin-manager/index.ts(15,1): error TS2304: Cannot find name 'Deno'.
supabase/functions/admin-manager/index.ts(15,19): error TS7006: Parameter 'req' implicitly has an 'any' type.
supabase/functions/admin-manager/index.ts(31,7): error TS2304: Cannot find name 'Deno'.
supabase/functions/admin-manager/index.ts(32,7): error TS2304: Cannot find name 'Deno'.
supabase/functions/admin-manager/index.ts(44,16): error TS18046: 'data' is of type 'unknown'.
supabase/functions/admin-manager/index.ts(45,19): error TS18046: 'data' is of type 'unknown'.
supabase/functions/admin-manager/index.ts(47,37): error TS18046: 'data' is of type 'unknown'.
supabase/functions/admin-manager/index.ts(56,22): error TS18046: 'data' is of type 'unknown'.
supabase/functions/admin-manager/index.ts(57,17): error TS18046: 'data' is of type 'unknown'.
supabase/functions/admin-manager/index.ts(89,11): error TS18046: 'data' is of type 'unknown'.
supabase/functions/admin-manager/index.ts(89,66): error TS18046: 'data' is of type 'unknown'.
supabase/functions/admin-manager/index.ts(90,11): error TS18046: 'data' is of type 'unknown'.
supabase/functions/admin-manager/index.ts(90,57): error TS18046: 'data' is of type 'unknown'.
supabase/functions/admin-manager/index.ts(91,11): error TS18046: 'data' is of type 'unknown'.
supabase/functions/admin-manager/index.ts(91,66): error TS18046: 'data' is of type 'unknown'.
supabase/functions/admin-manager/index.ts(96,19): error TS18046: 'data' is of type 'unknown'.
supabase/functions/admin-manager/index.ts(103,11): error TS18046: 'data' is of type 'unknown'.
supabase/functions/admin-manager/index.ts(104,13): error TS18046: 'data' is of type 'unknown'.
supabase/functions/admin-manager/index.ts(105,57): error TS18046: 'data' is of type 'unknown'.
supabase/functions/admin-manager/index.ts(107,57): error TS18046: 'data' is of type 'unknown'.
supabase/functions/admin-manager/index.ts(121,15): error TS2339: Property 'userId' does not exist on type 'unknown'.
supabase/functions/backfill-embeddings/index.ts(1,23): error TS2307: Cannot find module 'https://deno.land/std@0.168.0/http/server.ts' or its corresponding type declarations.
supabase/functions/backfill-embeddings/index.ts(2,30): error TS2307: Cannot find module 'https://esm.sh/@supabase/supabase-js@2' or its corresponding type declarations.
supabase/functions/backfill-embeddings/index.ts(9,14): error TS7006: Parameter 'req' implicitly has an 'any' type.
supabase/functions/backfill-embeddings/index.ts(13,26): error TS2304: Cannot find name 'Deno'.
supabase/functions/backfill-embeddings/index.ts(14,39): error TS2304: Cannot find name 'Deno'.
supabase/functions/backfill-embeddings/index.ts(15,28): error TS2304: Cannot find name 'Deno'.
supabase/functions/backfill-embeddings/index.ts(15,62): error TS2304: Cannot find name 'Deno'.
supabase/functions/backfill-embeddings/index.ts(81,77): error TS18046: 'itemErr' is of type 'unknown'.
supabase/functions/backfill-embeddings/index.ts(99,49): error TS18046: 'err' is of type 'unknown'.
supabase/functions/generate-book-embedding/index.ts(1,23): error TS2307: Cannot find module 'https://deno.land/std@0.168.0/http/server.ts' or its corresponding type declarations.
supabase/functions/generate-book-embedding/index.ts(2,30): error TS2307: Cannot find module 'https://esm.sh/@supabase/supabase-js@2' or its corresponding type declarations.
supabase/functions/generate-book-embedding/index.ts(9,14): error TS7006: Parameter 'req' implicitly has an 'any' type.
supabase/functions/generate-book-embedding/index.ts(23,28): error TS2304: Cannot find name 'Deno'.
supabase/functions/generate-book-embedding/index.ts(23,62): error TS2304: Cannot find name 'Deno'.
supabase/functions/generate-book-embedding/index.ts(24,26): error TS2304: Cannot find name 'Deno'.
supabase/functions/generate-book-embedding/index.ts(25,39): error TS2304: Cannot find name 'Deno'.
supabase/functions/generate-book-embedding/index.ts(85,37): error TS18046: 'err' is of type 'unknown'.
supabase/functions/generate-book-embedding/index.ts(86,49): error TS18046: 'err' is of type 'unknown'.
supabase/functions/inventory-intelligence/index.ts(1,30): error TS2307: Cannot find module 'https://esm.sh/@supabase/supabase-js@2.39.7' or its corresponding type declarations.
supabase/functions/inventory-intelligence/index.ts(2,36): error TS2307: Cannot find module 'https://esm.sh/@google/generative-ai@0.3.0' or its corresponding type declarations.
supabase/functions/inventory-intelligence/index.ts(8,8): error TS5097: An import path can only end with a '.ts' extension when 'allowImportingTsExtensions' is enabled.
supabase/functions/inventory-intelligence/index.ts(10,1): error TS2304: Cannot find name 'Deno'.
supabase/functions/inventory-intelligence/index.ts(10,19): error TS7006: Parameter 'req' implicitly has an 'any' type.
supabase/functions/inventory-intelligence/index.ts(21,7): error TS2304: Cannot find name 'Deno'.
supabase/functions/inventory-intelligence/index.ts(22,7): error TS2304: Cannot find name 'Deno'.
supabase/functions/inventory-intelligence/index.ts(44,31): error TS7006: Parameter 'b' implicitly has an 'any' type.
supabase/functions/inventory-intelligence/index.ts(46,42): error TS7006: Parameter 'i' implicitly has an 'any' type.
supabase/functions/inventory-intelligence/index.ts(46,76): error TS7006: Parameter 'i' implicitly has an 'any' type.
supabase/functions/inventory-intelligence/index.ts(47,32): error TS7006: Parameter 'b' implicitly has an 'any' type.
supabase/functions/inventory-intelligence/index.ts(52,37): error TS7006: Parameter 'b' implicitly has an 'any' type.
supabase/functions/inventory-intelligence/index.ts(54,40): error TS7006: Parameter 'r' implicitly has an 'any' type.
supabase/functions/inventory-intelligence/index.ts(55,39): error TS7006: Parameter 'i' implicitly has an 'any' type.
supabase/functions/inventory-intelligence/index.ts(55,74): error TS7006: Parameter 'acc' implicitly has an 'any' type.
supabase/functions/inventory-intelligence/index.ts(55,79): error TS7006: Parameter 'i' implicitly has an 'any' type.
supabase/functions/inventory-intelligence/index.ts(60,20): error TS2304: Cannot find name 'Deno'.
supabase/functions/notify-account-status/index.ts(2,30): error TS2307: Cannot find module 'jsr:@supabase/supabase-js@2' or its corresponding type declarations.
supabase/functions/notify-account-status/index.ts(6,1): error TS2304: Cannot find name 'Deno'.
supabase/functions/notify-account-status/index.ts(6,19): error TS7006: Parameter 'req' implicitly has an 'any' type.
supabase/functions/notify-account-status/index.ts(12,7): error TS2304: Cannot find name 'Deno'.
supabase/functions/notify-account-status/index.ts(13,7): error TS2304: Cannot find name 'Deno'.
supabase/functions/notify-due-books/index.ts(2,30): error TS2307: Cannot find module 'jsr:@supabase/supabase-js@2' or its corresponding type declarations.
supabase/functions/notify-due-books/index.ts(6,1): error TS2304: Cannot find name 'Deno'.
supabase/functions/notify-due-books/index.ts(6,19): error TS7006: Parameter 'req' implicitly has an 'any' type.
supabase/functions/notify-due-books/index.ts(8,5): error TS2304: Cannot find name 'Deno'.
supabase/functions/notify-due-books/index.ts(9,5): error TS2304: Cannot find name 'Deno'.
supabase/functions/notify-due-books/index.ts(39,48): error TS7006: Parameter 'r' implicitly has an 'any' type.
supabase/functions/notify-new-books/index.ts(2,30): error TS2307: Cannot find module 'jsr:@supabase/supabase-js@2' or its corresponding type declarations.
supabase/functions/notify-new-books/index.ts(6,1): error TS2304: Cannot find name 'Deno'.
supabase/functions/notify-new-books/index.ts(6,19): error TS7006: Parameter 'req' implicitly has an 'any' type.
supabase/functions/notify-new-books/index.ts(15,5): error TS2304: Cannot find name 'Deno'.
supabase/functions/notify-new-books/index.ts(16,5): error TS2304: Cannot find name 'Deno'.
supabase/functions/notify-new-books/index.ts(30,35): error TS7006: Parameter 'u' implicitly has an 'any' type.
supabase/functions/predict-demand/index.ts(2,30): error TS2307: Cannot find module 'jsr:@supabase/supabase-js@2' or its corresponding type declarations.
supabase/functions/predict-demand/index.ts(4,1): error TS2304: Cannot find name 'Deno'.
supabase/functions/predict-demand/index.ts(4,19): error TS7006: Parameter 'req' implicitly has an 'any' type.
supabase/functions/predict-demand/index.ts(7,7): error TS2304: Cannot find name 'Deno'.
supabase/functions/predict-demand/index.ts(8,7): error TS2304: Cannot find name 'Deno'.
supabase/functions/predict-demand/index.ts(31,21): error TS7006: Parameter 'r' implicitly has an 'any' type.
supabase/functions/predict-demand/index.ts(81,49): error TS18046: 'err' is of type 'unknown'.
supabase/functions/push-dispatcher/index.ts(2,30): error TS2307: Cannot find module 'jsr:@supabase/supabase-js@2' or its corresponding type declarations.
supabase/functions/push-dispatcher/index.ts(6,1): error TS2304: Cannot find name 'Deno'.
supabase/functions/push-dispatcher/index.ts(6,19): error TS7006: Parameter 'req' implicitly has an 'any' type.
supabase/functions/push-dispatcher/index.ts(15,7): error TS2304: Cannot find name 'Deno'.
supabase/functions/push-dispatcher/index.ts(16,7): error TS2304: Cannot find name 'Deno'.
supabase/functions/push-dispatcher/index.ts(67,49): error TS18046: 'err' is of type 'unknown'.
supabase/functions/sync-book/index.ts(1,23): error TS2307: Cannot find module 'https://deno.land/std@0.168.0/http/server.ts' or its corresponding type declarations.
supabase/functions/sync-book/index.ts(2,30): error TS2307: Cannot find module 'https://esm.sh/@supabase/supabase-js@2' or its corresponding type declarations.
supabase/functions/sync-book/index.ts(9,14): error TS7006: Parameter 'req' implicitly has an 'any' type.
supabase/functions/sync-book/index.ts(16,34): error TS2304: Cannot find name 'Deno'.
supabase/functions/sync-book/index.ts(17,26): error TS2304: Cannot find name 'Deno'.
supabase/functions/sync-book/index.ts(18,39): error TS2304: Cannot find name 'Deno'.
supabase/functions/sync-book/index.ts(37,66): error TS18046: 'e' is of type 'unknown'.
supabase/functions/sync-book/index.ts(52,66): error TS18046: 'e' is of type 'unknown'.
supabase/functions/sync-book/index.ts(79,28): error TS2304: Cannot find name 'Deno'.
supabase/functions/sync-book/index.ts(98,55): error TS18046: 'e' is of type 'unknown'.
supabase/functions/sync-book/index.ts(151,41): error TS18046: 'err' is of type 'unknown'.
supabase/functions/sync-book/index.ts(152,49): error TS18046: 'err' is of type 'unknown'.
supabase/functions/sync-book/index_test.ts(11,1): error TS2304: Cannot find name 'Deno'.
supabase/functions/sync-book/index_test.ts(11,40): error TS7006: Parameter 't' implicitly has an 'any' type.
supabase/functions/sync-book/index_test.ts(13,3): error TS2304: Cannot find name 'Deno'.
supabase/functions/sync-book/index_test.ts(14,3): error TS2304: Cannot find name 'Deno'.
tests/integration/audiobookMetadataService.test.ts(8,8): error TS2307: Cannot find module '../audiobookMetadataService' or its corresponding type declarations.
tests/integration/audiobookMetadataService.test.ts(9,26): error TS2307: Cannot find module '../../api/supabase' or its corresponding type declarations.
tests/integration/bookService.test.ts(2,50): error TS2307: Cannot find module '../bookService' or its corresponding type declarations.
tests/integration/payment.test.tsx(1,60): error TS2307: Cannot find module '../paymentService' or its corresponding type declarations.
tests/scripts/test-semantic-search.ts(1,27): error TS2307: Cannot find module '../src/services/aiService' or its corresponding type declarations.
tests/scripts/test-semantic-search.ts(2,26): error TS2307: Cannot find module '../src/api/supabase' or its corresponding type declarations.
tests/scripts/test-semantic-search.ts(34,35): error TS18046: 'err' is of type 'unknown'.
tests/unit/CameraScanner.test.tsx(3,27): error TS2307: Cannot find module '../CameraScanner' or its corresponding type declarations.
tests/unit/CameraScanner.test.tsx(8,36): error TS2322: Type '{ children: any; testID: string; }' is not assignable to type 'DetailedHTMLProps<HTMLAttributes<HTMLDivElement>, HTMLDivElement>'.
  Property 'testID' does not exist on type 'DetailedHTMLProps<HTMLAttributes<HTMLDivElement>, HTMLDivElement>'.
tests/unit/LoginScreen.test.tsx(11,26): error TS2307: Cannot find module '../api/supabase' or its corresponding type declarations.
tests/unit/LoginScreen.test.tsx(12,41): error TS2307: Cannot find module '../auth/oauth' or its corresponding type declarations.
tests/unit/LoginScreen.test.tsx(13,30): error TS2307: Cannot find module '../store/useAuthStore' or its corresponding type declarations.
tests/unit/MemberHome.test.tsx(6,26): error TS2307: Cannot find module '../api/supabase' or its corresponding type declarations.
tests/unit/SignupScreen.test.tsx(11,26): error TS2307: Cannot find module '../api/supabase' or its corresponding type declarations.
tests/unit/SignupScreen.test.tsx(12,41): error TS2307: Cannot find module '../auth/oauth' or its corresponding type declarations.
tests/unit/supabase.test.ts(5,26): error TS2307: Cannot find module '../api/supabase' or its corresponding type declarations.
tests/unit/useAuthStore.test.ts(3,26): error TS2307: Cannot find module '../api/supabase' or its corresponding type declarations.
tests/unit/useAuthStore.test.ts(4,30): error TS2307: Cannot find module '../store/useAuthStore' or its corresponding type declarations.
