
> library-app@1.0.0 test
> jest src/services/__tests__/audiobookMetadataService.test.ts

node.exe : FAIL src/services/__tests__/audiobookMetadataService.test.ts
At line:1 char:1
+ & "C:\Program Files\nodejs/node.exe" "C:\Users\tien2004\AppData\Roami ...
+ ~~~~~~~~~~~~~~~~~~~~~~~~~~~~~~~~~~~~~~~~~~~~~~~~~~~~~~~~~~~~~~~~~~~~~
    + CategoryInfo          : NotSpecified: (FAIL src/servic...Service.test.ts:String) [], RemoteException
    + FullyQualifiedErrorId : NativeCommandError
 
  Audiobook Metadata Service
    searchAudiobooks
      ├ù should return a list of audiobooks on successful search (13 ms)
      ├ù should return an empty array and log error when search fails (1 ms)
    getAudiobookByISBN
      ├ù should return an audiobook record if found (1 ms)
      ├ù should return null and log error if query fails
    getAudiobookBySourceId
      ├ù should return an audiobook by platform and source_id (1 ms)
    browseAudiobooks
      ├ù should return paginated audiobooks with default options (2 ms)
      ├ù should apply filters and custom pagination (1 ms)
      ├ù should handle errors gracefully and return empty data
    formatDuration
      ΓêÜ should return empty string for null input (1 ms)
      ΓêÜ should format minutes correctly when less than an hour
      ΓêÜ should format hours and minutes correctly (1 ms)

  ΓùÅ Audiobook Metadata Service ΓÇ║ searchAudiobooks ΓÇ║ should return a list of audiobooks on successful search

    expect(jest.fn()).toHaveBeenCalledWith(...expected)

    Expected: "search_audiobooks", {"lim": 10, "query": "Harry Potter"}

    Number of calls: 0

    [0m [90m 72 |[39m       [36mconst[39m result [33m=[39m [36mawait[39m searchAudiobooks([32m'Harry 
Potter'[39m[33m,[39m [35m10[39m)[33m;[39m
     [90m 73 |[39m
    [31m[1m>[22m[39m[90m 74 |[39m       
expect(supabase[33m.[39mrpc)[33m.[39mtoHaveBeenCalledWith([32m'search_audiobooks'[39m[33m,[39m {
     [90m    |[39m                            [31m[1m^[22m[39m
     [90m 75 |[39m         query[33m:[39m [32m'Harry Potter'[39m[33m,[39m
     [90m 76 |[39m         lim[33m:[39m [35m10[39m[33m,[39m
     [90m 77 |[39m       })[33m;[39m[0m

      at Object.toHaveBeenCalledWith (src/services/__tests__/audiobookMetadataService.test.ts:74:28)
      at asyncGeneratorStep (node_modules/@babel/runtime/helpers/asyncToGenerator.js:3:17)
      at _next (node_modules/@babel/runtime/helpers/asyncToGenerator.js:17:9)

  ΓùÅ Audiobook Metadata Service ΓÇ║ searchAudiobooks ΓÇ║ should return an empty array and log error when search fails

    expect(jest.fn()).toHaveBeenCalledWith(...expected)

    Expected: "[audiobookMetadataService] search error:", "DB Error"

    Number of calls: 0

    [0m [90m 85 |[39m       [36mconst[39m result [33m=[39m [36mawait[39m 
searchAudiobooks([32m'Unknown'[39m[33m,[39m [35m10[39m)[33m;[39m
     [90m 86 |[39m
    [31m[1m>[22m[39m[90m 87 |[39m       
expect(consoleErrorSpy)[33m.[39mtoHaveBeenCalledWith([32m'[audiobookMetadataService] search error:'[39m[33m,[39m 
[32m'DB Error'[39m)[33m;[39m
     [90m    |[39m                               [31m[1m^[22m[39m
     [90m 88 |[39m       expect(result)[33m.[39mtoEqual([])[33m;[39m
     [90m 89 |[39m       consoleErrorSpy[33m.[39mmockRestore()[33m;[39m
     [90m 90 |[39m     })[33m;[39m[0m

      at Object.toHaveBeenCalledWith (src/services/__tests__/audiobookMetadataService.test.ts:87:31)
      at asyncGeneratorStep (node_modules/@babel/runtime/helpers/asyncToGenerator.js:3:17)
      at _next (node_modules/@babel/runtime/helpers/asyncToGenerator.js:17:9)

  ΓùÅ Audiobook Metadata Service ΓÇ║ getAudiobookByISBN ΓÇ║ should return an audiobook record if found

    TypeError: _supabase.supabase.from(...).select(...).eq(...).maybeSingle is not a function

    [0m [90m 54 |[39m     [33m.[39mselect([32m'*'[39m)
     [90m 55 |[39m     [33m.[39meq([32m'isbn'[39m[33m,[39m isbn)
    [31m[1m>[22m[39m[90m 56 |[39m     [33m.[39mmaybeSingle()[33m;[39m
     [90m    |[39m      [31m[1m^[22m[39m
     [90m 57 |[39m   [36mif[39m (error) {
     [90m 58 |[39m     console[33m.[39merror([32m'[audiobookMetadataService] ISBN lookup error:'[39m[33m,[39m 
error[33m.[39mmessage)[33m;[39m
     [90m 59 |[39m     [36mreturn[39m [36mnull[39m[33m;[39m[0m

      at maybeSingle (src/services/audiobookMetadataService.ts:56:6)
      at asyncGeneratorStep (node_modules/@babel/runtime/helpers/asyncToGenerator.js:3:17)
      at _next (node_modules/@babel/runtime/helpers/asyncToGenerator.js:17:9)
      at node_modules/@babel/runtime/helpers/asyncToGenerator.js:22:7
      at node_modules/@babel/runtime/helpers/asyncToGenerator.js:14:12
      at apply (src/services/audiobookMetadataService.ts:62:2)
      at apply (src/services/audiobookMetadataService.ts:51:41)
      at Object.<anonymous> (src/services/__tests__/audiobookMetadataService.test.ts:98:46)
      at asyncGeneratorStep (node_modules/@babel/runtime/helpers/asyncToGenerator.js:3:17)
      at _next (node_modules/@babel/runtime/helpers/asyncToGenerator.js:17:9)
      at node_modules/@babel/runtime/helpers/asyncToGenerator.js:22:7
      at Object.<anonymous> (node_modules/@babel/runtime/helpers/asyncToGenerator.js:14:12)

  ΓùÅ Audiobook Metadata Service ΓÇ║ getAudiobookByISBN ΓÇ║ should return null and log error if query fails

    TypeError: _supabase.supabase.from(...).select(...).eq(...).maybeSingle is not a function

    [0m [90m 54 |[39m     [33m.[39mselect([32m'*'[39m)
     [90m 55 |[39m     [33m.[39meq([32m'isbn'[39m[33m,[39m isbn)
    [31m[1m>[22m[39m[90m 56 |[39m     [33m.[39mmaybeSingle()[33m;[39m
     [90m    |[39m      [31m[1m^[22m[39m
     [90m 57 |[39m   [36mif[39m (error) {
     [90m 58 |[39m     console[33m.[39merror([32m'[audiobookMetadataService] ISBN lookup error:'[39m[33m,[39m 
error[33m.[39mmessage)[33m;[39m
     [90m 59 |[39m     [36mreturn[39m [36mnull[39m[33m;[39m[0m

      at maybeSingle (src/services/audiobookMetadataService.ts:56:6)
      at asyncGeneratorStep (node_modules/@babel/runtime/helpers/asyncToGenerator.js:3:17)
      at _next (node_modules/@babel/runtime/helpers/asyncToGenerator.js:17:9)
      at node_modules/@babel/runtime/helpers/asyncToGenerator.js:22:7
      at node_modules/@babel/runtime/helpers/asyncToGenerator.js:14:12
      at apply (src/services/audiobookMetadataService.ts:51:41)
      at Object.<anonymous> (src/services/__tests__/audiobookMetadataService.test.ts:110:46)
      at asyncGeneratorStep (node_modules/@babel/runtime/helpers/asyncToGenerator.js:3:17)
      at _next (node_modules/@babel/runtime/helpers/asyncToGenerator.js:17:9)
      at node_modules/@babel/runtime/helpers/asyncToGenerator.js:22:7
      at Object.<anonymous> (node_modules/@babel/runtime/helpers/asyncToGenerator.js:14:12)

  ΓùÅ Audiobook Metadata Service ΓÇ║ getAudiobookBySourceId ΓÇ║ should return an audiobook by platform and source_id

    TypeError: _supabase.supabase.from(...).select(...).eq(...).eq(...).maybeSingle is not a function

    [0m [90m 72 |[39m     [33m.[39meq([32m'source_platform'[39m[33m,[39m platform)
     [90m 73 |[39m     [33m.[39meq([32m'source_id'[39m[33m,[39m sourceId)
    [31m[1m>[22m[39m[90m 74 |[39m     [33m.[39mmaybeSingle()[33m;[39m
     [90m    |[39m      [31m[1m^[22m[39m
     [90m 75 |[39m   [36mif[39m (error) {
     [90m 76 |[39m     console[33m.[39merror([32m'[audiobookMetadataService] source ID lookup 
error:'[39m[33m,[39m error[33m.[39mmessage)[33m;[39m
     [90m 77 |[39m     [36mreturn[39m [36mnull[39m[33m;[39m[0m

      at maybeSingle (src/services/audiobookMetadataService.ts:74:6)
      at asyncGeneratorStep (node_modules/@babel/runtime/helpers/asyncToGenerator.js:3:17)
      at _next (node_modules/@babel/runtime/helpers/asyncToGenerator.js:17:9)
      at node_modules/@babel/runtime/helpers/asyncToGenerator.js:22:7
      at node_modules/@babel/runtime/helpers/asyncToGenerator.js:14:12
      at apply (src/services/audiobookMetadataService.ts:80:2)
      at apply (src/services/audiobookMetadataService.ts:65:45)
      at Object.<anonymous> (src/services/__tests__/audiobookMetadataService.test.ts:125:50)
      at asyncGeneratorStep (node_modules/@babel/runtime/helpers/asyncToGenerator.js:3:17)
      at _next (node_modules/@babel/runtime/helpers/asyncToGenerator.js:17:9)
      at node_modules/@babel/runtime/helpers/asyncToGenerator.js:22:7
      at Object.<anonymous> (node_modules/@babel/runtime/helpers/asyncToGenerator.js:14:12)

  ΓùÅ Audiobook Metadata Service ΓÇ║ browseAudiobooks ΓÇ║ should return paginated audiobooks with default options

    TypeError: _supabase.supabase.from(...).select(...).order(...).range is not a function

    [0m [90m  96 |[39m     [33m.[39mselect([32m'*'[39m[33m,[39m { count[33m:[39m [32m'exact'[39m })
     [90m  97 |[39m     [33m.[39morder(orderBy[33m,[39m { ascending[33m:[39m [36mfalse[39m[33m,[39m 
nullsFirst[33m:[39m [36mfalse[39m })
    [31m[1m>[22m[39m[90m  98 |[39m     [33m.[39mrange([36mfrom[39m[33m,[39m to)[33m;[39m
     [90m     |[39m      [31m[1m^[22m[39m
     [90m  99 |[39m
     [90m 100 |[39m   [36mif[39m (platform) query [33m=[39m 
query[33m.[39meq([32m'source_platform'[39m[33m,[39m platform)[33m;[39m
     [90m 101 |[39m   [36mif[39m (category) query [33m=[39m 
query[33m.[39mcontains([32m'categories'[39m[33m,[39m [category])[33m;[39m[0m

      at range (src/services/audiobookMetadataService.ts:98:6)
      at asyncGeneratorStep (node_modules/@babel/runtime/helpers/asyncToGenerator.js:3:17)
      at _next (node_modules/@babel/runtime/helpers/asyncToGenerator.js:17:9)
      at node_modules/@babel/runtime/helpers/asyncToGenerator.js:22:7
      at node_modules/@babel/runtime/helpers/asyncToGenerator.js:14:12
      at apply (src/services/audiobookMetadataService.ts:109:2)
      at apply (src/services/audiobookMetadataService.ts:83:39)
      at Object.<anonymous> (src/services/__tests__/audiobookMetadataService.test.ts:138:44)
      at asyncGeneratorStep (node_modules/@babel/runtime/helpers/asyncToGenerator.js:3:17)
      at _next (node_modules/@babel/runtime/helpers/asyncToGenerator.js:17:9)
      at node_modules/@babel/runtime/helpers/asyncToGenerator.js:22:7
      at Object.<anonymous> (node_modules/@babel/runtime/helpers/asyncToGenerator.js:14:12)

  ΓùÅ Audiobook Metadata Service ΓÇ║ browseAudiobooks ΓÇ║ should apply filters and custom pagination

    TypeError: _supabase.supabase.from(...).select(...).order(...).range is not a function

    [0m [90m  96 |[39m     [33m.[39mselect([32m'*'[39m[33m,[39m { count[33m:[39m [32m'exact'[39m })
     [90m  97 |[39m     [33m.[39morder(orderBy[33m,[39m { ascending[33m:[39m [36mfalse[39m[33m,[39m 
nullsFirst[33m:[39m [36mfalse[39m })
    [31m[1m>[22m[39m[90m  98 |[39m     [33m.[39mrange([36mfrom[39m[33m,[39m to)[33m;[39m
     [90m     |[39m      [31m[1m^[22m[39m
     [90m  99 |[39m
     [90m 100 |[39m   [36mif[39m (platform) query [33m=[39m 
query[33m.[39meq([32m'source_platform'[39m[33m,[39m platform)[33m;[39m
     [90m 101 |[39m   [36mif[39m (category) query [33m=[39m 
query[33m.[39mcontains([32m'categories'[39m[33m,[39m [category])[33m;[39m[0m

      at range (src/services/audiobookMetadataService.ts:98:6)
      at asyncGeneratorStep (node_modules/@babel/runtime/helpers/asyncToGenerator.js:3:17)
      at _next (node_modules/@babel/runtime/helpers/asyncToGenerator.js:17:9)
      at node_modules/@babel/runtime/helpers/asyncToGenerator.js:22:7
      at node_modules/@babel/runtime/helpers/asyncToGenerator.js:14:12
      at apply (src/services/audiobookMetadataService.ts:83:39)
      at Object.<anonymous> (src/services/__tests__/audiobookMetadataService.test.ts:149:44)
      at asyncGeneratorStep (node_modules/@babel/runtime/helpers/asyncToGenerator.js:3:17)
      at _next (node_modules/@babel/runtime/helpers/asyncToGenerator.js:17:9)
      at node_modules/@babel/runtime/helpers/asyncToGenerator.js:22:7
      at Object.<anonymous> (node_modules/@babel/runtime/helpers/asyncToGenerator.js:14:12)

  ΓùÅ Audiobook Metadata Service ΓÇ║ browseAudiobooks ΓÇ║ should handle errors gracefully and return empty data

    TypeError: _supabase.supabase.from(...).select(...).order(...).range is not a function

    [0m [90m  96 |[39m     [33m.[39mselect([32m'*'[39m[33m,[39m { count[33m:[39m [32m'exact'[39m })
     [90m  97 |[39m     [33m.[39morder(orderBy[33m,[39m { ascending[33m:[39m [36mfalse[39m[33m,[39m 
nullsFirst[33m:[39m [36mfalse[39m })
    [31m[1m>[22m[39m[90m  98 |[39m     [33m.[39mrange([36mfrom[39m[33m,[39m to)[33m;[39m
     [90m     |[39m      [31m[1m^[22m[39m
     [90m  99 |[39m
     [90m 100 |[39m   [36mif[39m (platform) query [33m=[39m 
query[33m.[39meq([32m'source_platform'[39m[33m,[39m platform)[33m;[39m
     [90m 101 |[39m   [36mif[39m (category) query [33m=[39m 
query[33m.[39mcontains([32m'categories'[39m[33m,[39m [category])[33m;[39m[0m

      at range (src/services/audiobookMetadataService.ts:98:6)
      at asyncGeneratorStep (node_modules/@babel/runtime/helpers/asyncToGenerator.js:3:17)
      at _next (node_modules/@babel/runtime/helpers/asyncToGenerator.js:17:9)
      at node_modules/@babel/runtime/helpers/asyncToGenerator.js:22:7
      at node_modules/@babel/runtime/helpers/asyncToGenerator.js:14:12
      at apply (src/services/audiobookMetadataService.ts:83:39)
      at Object.<anonymous> (src/services/__tests__/audiobookMetadataService.test.ts:168:44)
      at asyncGeneratorStep (node_modules/@babel/runtime/helpers/asyncToGenerator.js:3:17)
      at _next (node_modules/@babel/runtime/helpers/asyncToGenerator.js:17:9)
      at node_modules/@babel/runtime/helpers/asyncToGenerator.js:22:7
      at Object.<anonymous> (node_modules/@babel/runtime/helpers/asyncToGenerator.js:14:12)

Test Suites: 1 failed, 1 total
Tests:       8 failed, 3 passed, 11 total
Snapshots:   0 total
Time:        2.536 s, estimated 4 s
Ran all test suites matching /src\\services\\__tests__\\audiobookMetadataService.test.ts/i.
