app/(admin)/audit.tsx(19,26): error TS2307: Cannot find module '../../src/lib/supabase' or its corresponding type declarations.
app/(admin)/audit.tsx(371,17): error TS2304: Cannot find name 'Platform'.
app/(admin)/config.tsx(28,27): error TS7006: Parameter 'value' implicitly has an 'any' type.
app/(admin)/index.tsx(205,42): error TS2345: Argument of type '"/(member)/notifications"' is not assignable to parameter of type '"/" | RelativePathString | ExternalPathString | `/?${string}` | `/#${string}` | "/_sitemap" | `/_sitemap?${string}` | `/_sitemap#${string}` | "/(admin)" | "/(admin)/audit" | ... 165 more ... | { ...; }'.
app/(admin)/logistics.tsx(5,26): error TS2307: Cannot find module '../../src/lib/supabase' or its corresponding type declarations.
app/(admin)/reports.tsx(108,19): error TS2353: Object literal may only specify known properties, and 'date' does not exist in type 'HeatmapData'.
app/(admin)/reports.tsx(109,19): error TS2353: Object literal may only specify known properties, and 'date' does not exist in type 'HeatmapData'.
app/(admin)/reports.tsx(110,19): error TS2353: Object literal may only specify known properties, and 'date' does not exist in type 'HeatmapData'.
app/(admin)/reports.tsx(111,19): error TS2353: Object literal may only specify known properties, and 'date' does not exist in type 'HeatmapData'.
app/(admin)/reports.tsx(112,19): error TS2353: Object literal may only specify known properties, and 'date' does not exist in type 'HeatmapData'.
app/(admin)/reports.tsx(125,15): error TS2322: Type '{ branches: any; title: string; }' is not assignable to type 'IntrinsicAttributes'.
  Property 'branches' does not exist on type 'IntrinsicAttributes'.
app/(admin)/system.tsx(667,21): error TS2322: Type '"shield-checkmark" | "shield-alert"' is not assignable to type '"push" | "map" | "filter" | "at" | "star" | "language" | "text" | "time" | "search" | "remove" | "options" | "book" | "link" | "unlink" | "body" | "code" | "menu" | "ellipse" | "image" | ... 1338 more ... | undefined'.
  Type '"shield-alert"' is not assignable to type '"push" | "map" | "filter" | "at" | "star" | "language" | "text" | "time" | "search" | "remove" | "options" | "book" | "link" | "unlink" | "body" | "code" | "menu" | "ellipse" | "image" | ... 1338 more ... | undefined'.
app/(librarian)/books.tsx(160,21): error TS7006: Parameter 'text' implicitly has an 'any' type.
app/(librarian)/borrows.tsx(47,25): error TS7006: Parameter 'reason' implicitly has an 'any' type.
app/(librarian)/index.tsx(45,51): error TS2339: Property 'isbn' does not exist on type 'BorrowRecord'.
app/(librarian)/index.tsx(111,14): error TS2304: Cannot find name 't'.
app/(librarian)/index.tsx(112,17): error TS2304: Cannot find name 't'.
app/(librarian)/index.tsx(116,34): error TS2345: Argument of type '"/(librarian)/insights"' is not assignable to parameter of type '"/" | RelativePathString | ExternalPathString | `/?${string}` | `/#${string}` | "/_sitemap" | `/_sitemap?${string}` | `/_sitemap#${string}` | "/(admin)" | "/(admin)/audit" | ... 165 more ... | { ...; }'.
app/(librarian)/index.tsx(119,14): error TS2304: Cannot find name 't'.
app/(librarian)/index.tsx(132,34): error TS2345: Argument of type '"/(librarian)/demand-prediction"' is not assignable to parameter of type '"/" | RelativePathString | ExternalPathString | `/?${string}` | `/#${string}` | "/_sitemap" | `/_sitemap?${string}` | `/_sitemap#${string}` | "/(admin)" | "/(admin)/audit" | ... 165 more ... | { ...; }'.
app/(librarian)/index.tsx(164,34): error TS2345: Argument of type '"/(librarian)/broadcast"' is not assignable to parameter of type '"/" | RelativePathString | ExternalPathString | `/?${string}` | `/#${string}` | "/_sitemap" | `/_sitemap?${string}` | `/_sitemap#${string}` | "/(admin)" | "/(admin)/audit" | ... 165 more ... | { ...; }'.
app/(librarian)/index.tsx(176,59): error TS2551: Property 'full_name' does not exist on type 'Profile'. Did you mean 'fullName'?
app/(librarian)/index.tsx(280,44): error TS2304: Cannot find name 't'.
app/(librarian)/index.tsx(284,40): error TS2345: Argument of type '"/(librarian)/demand-prediction"' is not assignable to parameter of type '"/" | RelativePathString | ExternalPathString | `/?${string}` | `/#${string}` | "/_sitemap" | `/_sitemap?${string}` | `/_sitemap#${string}` | "/(admin)" | "/(admin)/audit" | ... 165 more ... | { ...; }'.
app/(librarian)/index.tsx(288,72): error TS2304: Cannot find name 't'.
app/(librarian)/index.tsx(291,46): error TS2304: Cannot find name 't'.
app/(librarian)/insights.tsx(16,39): error TS2307: Cannot find module '../../src/hooks/library/useLibrarianAnalytics' or its corresponding type declarations.
app/(librarian)/insights.tsx(180,16): error TS2769: No overload matches this call.
  Overload 1 of 2, '(props: AbstractChartProps & BarChartProps): BarChart', gave the following error.
    Type '{ data: { labels: string[]; datasets: { data: number[]; }[]; }; width: number; height: number; chartConfig: { backgroundGradientFrom: string; backgroundGradientTo: string; color: (opacity?: number) => string; labelColor: (opacity?: number) => string; strokeWidth: number; barPercentage: number; useShadowColorFromData...' is missing the following properties from type 'Readonly<AbstractChartProps & BarChartProps>': yAxisLabel, yAxisSuffix
  Overload 2 of 2, '(props: AbstractChartProps & BarChartProps, context: any): BarChart', gave the following error.
    Type '{ data: { labels: string[]; datasets: { data: number[]; }[]; }; width: number; height: number; chartConfig: { backgroundGradientFrom: string; backgroundGradientTo: string; color: (opacity?: number) => string; labelColor: (opacity?: number) => string; strokeWidth: number; barPercentage: number; useShadowColorFromData...' is missing the following properties from type 'Readonly<AbstractChartProps & BarChartProps>': yAxisLabel, yAxisSuffix
app/(librarian)/insights.tsx(204,34): error TS7006: Parameter 's' implicitly has an 'any' type.
app/(librarian)/insights.tsx(205,34): error TS7006: Parameter 's' implicitly has an 'any' type.
app/(librarian)/insights.tsx(205,73): error TS7006: Parameter 'suggestion' implicitly has an 'any' type.
app/(librarian)/insights.tsx(241,32): error TS7006: Parameter 'suggestion' implicitly has an 'any' type.
app/(librarian)/logistics.tsx(207,9): error TS2769: No overload matches this call.
  Overload 1 of 2, '(props: FlatListProps<Transfer>): FlatList<Transfer>', gave the following error.
    Type 'false | Element' is not assignable to type 'ComponentType<any> | ReactElement<unknown, string | JSXElementConstructor<any>> | null | undefined'.
      Type 'false' is not assignable to type 'ComponentType<any> | ReactElement<unknown, string | JSXElementConstructor<any>> | null | undefined'.
  Overload 2 of 2, '(props: FlatListProps<Transfer>, context: any): FlatList<Transfer>', gave the following error.
    Type 'false | Element' is not assignable to type 'ComponentType<any> | ReactElement<unknown, string | JSXElementConstructor<any>> | null | undefined'.
      Type 'false' is not assignable to type 'ComponentType<any> | ReactElement<unknown, string | JSXElementConstructor<any>> | null | undefined'.
app/(member)/achievements.tsx(7,26): error TS2307: Cannot find module '../../src/services/supabase' or its corresponding type declarations.
app/(member)/achievements.tsx(8,30): error TS2307: Cannot find module '../../src/store/authStore' or its corresponding type declarations.
app/(member)/achievements.tsx(50,43): error TS7006: Parameter 'b' implicitly has an 'any' type.
app/(member)/achievements.tsx(51,45): error TS7006: Parameter 'ub' implicitly has an 'any' type.
app/(member)/analytics.tsx(33,64): error TS2339: Property 'getGenres' does not exist on type '{ getBorrowingHeatmap: () => UseQueryResult<HeatmapData[], Error>; getRetentionStats: () => UseQueryResult<RetentionStats, Error>; ... 5 more ...; getPredictedDemand: () => UseQueryResult<...>; }'.
app/(member)/analytics.tsx(34,68): error TS2339: Property 'getActivity' does not exist on type '{ getBorrowingHeatmap: () => UseQueryResult<HeatmapData[], Error>; getRetentionStats: () => UseQueryResult<RetentionStats, Error>; ... 5 more ...; getPredictedDemand: () => UseQueryResult<...>; }'.
app/(member)/analytics.tsx(35,66): error TS2339: Property 'getMonthly' does not exist on type '{ getBorrowingHeatmap: () => UseQueryResult<HeatmapData[], Error>; getRetentionStats: () => UseQueryResult<RetentionStats, Error>; ... 5 more ...; getPredictedDemand: () => UseQueryResult<...>; }'.
app/(member)/analytics.tsx(45,32): error TS7006: Parameter 'g' implicitly has an 'any' type.
app/(member)/analytics.tsx(45,35): error TS7006: Parameter 'i' implicitly has an 'any' type.
app/(member)/analytics.tsx(102,16): error TS2741: Property 'tooltipDataAttrs' is missing in type '{ values: any; endDate: Date; numDays: number; width: number; height: number; chartConfig: { backgroundColor: string; backgroundGradientFrom: string; backgroundGradientTo: string; decimalPlaces: number; color: (opacity?: number) => string; labelColor: (opacity?: number) => string; style: { ...; }; propsForDots: { .....' but required in type 'Pick<Readonly<AbstractChartProps & ContributionGraphProps>, "values" | "height" | "width" | "fromZero" | "fromNumber" | ... 11 more ... | "tooltipDataAttrs">'.
app/(member)/analytics.tsx(120,61): error TS7006: Parameter 'acc' implicitly has an 'any' type.
app/(member)/analytics.tsx(120,66): error TS7006: Parameter 'g' implicitly has an 'any' type.
app/(member)/book/[isbn].tsx(55,9): error TS2304: Cannot find name 'aiSummary'.
app/(member)/book/[isbn].tsx(56,7): error TS2304: Cannot find name 'setShowAiSummary'.
app/(member)/book/[isbn].tsx(60,5): error TS2304: Cannot find name 'setIsSummarizing'.
app/(member)/book/[isbn].tsx(61,5): error TS2304: Cannot find name 'setShowAiSummary'.
app/(member)/book/[isbn].tsx(64,9): error TS18048: 'book' is possibly 'undefined'.
app/(member)/book/[isbn].tsx(65,9): error TS18048: 'book' is possibly 'undefined'.
app/(member)/book/[isbn].tsx(66,9): error TS18048: 'book' is possibly 'undefined'.
app/(member)/book/[isbn].tsx(68,7): error TS2304: Cannot find name 'setAiSummary'.
app/(member)/book/[isbn].tsx(71,7): error TS2304: Cannot find name 'setShowAiSummary'.
app/(member)/book/[isbn].tsx(73,7): error TS2304: Cannot find name 'setIsSummarizing'.
app/(member)/book/[isbn].tsx(500,31): error TS2339: Property 'aiGradient' does not exist on type '{ container: { flex: number; backgroundColor: string; }; loadingContainer: { flex: number; justifyContent: "center"; alignItems: "center"; backgroundColor: string; }; errorContainer: { flex: number; justifyContent: "center"; alignItems: "center"; backgroundColor: string; padding: number; }; ... 107 more ...; annotat...'.
app/(member)/chat.tsx(176,12): error TS2304: Cannot find name 'ScrollView'.
app/(member)/chat.tsx(191,13): error TS2304: Cannot find name 'ScrollView'.
app/(member)/community.tsx(251,46): error TS2551: Property 'avatar_url' does not exist on type 'Profile'. Did you mean 'avatarUrl'?
app/(member)/community.tsx(251,108): error TS2551: Property 'full_name' does not exist on type 'Profile'. Did you mean 'fullName'?
app/(member)/community.tsx(257,62): error TS2551: Property 'full_name' does not exist on type 'Profile'. Did you mean 'fullName'?
app/(member)/index.tsx(12,10): error TS2300: Duplicate identifier 'hapticService'.
app/(member)/index.tsx(23,33): error TS2307: Cannot find module '../../src/hooks/useGamification' or its corresponding type declarations.
app/(member)/index.tsx(26,10): error TS2300: Duplicate identifier 'hapticService'.
app/(member)/index.tsx(36,44): error TS2304: Cannot find name 'useBroadcast'.
app/(member)/index.tsx(107,7): error TS2304: Cannot find name 'setSyncQueue'.
app/(member)/index.tsx(111,7): error TS2304: Cannot find name 'setNetworkState'.
app/(member)/index.tsx(132,62): error TS2339: Property 'book_isbn' does not exist on type 'BorrowRecord'.
app/(member)/index.tsx(144,7): error TS2448: Block-scoped variable 'myBorrows' used before its declaration.
app/(member)/index.tsx(144,7): error TS2454: Variable 'myBorrows' is used before being assigned.
app/(member)/index.tsx(287,31): error TS2339: Property 'headerInfo' does not exist on type '{ container: { flex: number; backgroundColor: string; }; scrollContent: { paddingBottom: number; }; offlineBanner: { backgroundColor: string; flexDirection: "row"; alignItems: "center"; justifyContent: "center"; paddingVertical: number; zIndex: number; }; ... 95 more ...; emptyFeed: { ...; }; }'.
app/(member)/index.tsx(565,32): error TS18048: 'recBooks.length' is possibly 'undefined'.
app/(member)/index.tsx(621,22): error TS2769: No overload matches this call.
  Overload 1 of 2, '(props: ImageProps): Image', gave the following error.
    Type '{ uri: string | null; }' is not assignable to type 'ImageSourcePropType | undefined'.
      Types of property 'uri' are incompatible.
        Type 'string | null' is not assignable to type 'string | undefined'.
          Type 'null' is not assignable to type 'string | undefined'.
  Overload 2 of 2, '(props: ImageProps, context: any): Image', gave the following error.
    Type '{ uri: string | null; }' is not assignable to type 'ImageSourcePropType | undefined'.
      Types of property 'uri' are incompatible.
        Type 'string | null' is not assignable to type 'string | undefined'.
          Type 'null' is not assignable to type 'string | undefined'.
app/(member)/index.tsx(720,43): error TS2339: Property 'aiModalBody' does not exist on type '{ container: { flex: number; backgroundColor: string; }; scrollContent: { paddingBottom: number; }; offlineBanner: { backgroundColor: string; flexDirection: "row"; alignItems: "center"; justifyContent: "center"; paddingVertical: number; zIndex: number; }; ... 95 more ...; emptyFeed: { ...; }; }'.
app/(member)/profile.tsx(342,46): error TS2304: Cannot find name 't'.
app/(member)/profile.tsx(359,51): error TS2304: Cannot find name 't'.
app/(member)/profile.tsx(370,75): error TS2304: Cannot find name 't'.
app/(member)/profile.tsx(511,38): error TS2345: Argument of type '"/(member)/analytics"' is not assignable to parameter of type '"/" | RelativePathString | ExternalPathString | `/?${string}` | `/#${string}` | "/_sitemap" | `/_sitemap?${string}` | `/_sitemap#${string}` | "/(admin)" | "/(admin)/audit" | ... 165 more ... | { ...; }'.
app/(member)/profile.tsx(1307,3): error TS1117: An object literal cannot have multiple properties with the same name.
app/(member)/search.tsx(392,13): error TS2322: Type '{ item: Book; index: number; badge: Element | undefined; onPress: () => void; onRatingPress: () => void; }' is not assignable to type 'IntrinsicAttributes & BookItemProps'.
  Property 'badge' does not exist on type 'IntrinsicAttributes & BookItemProps'.
app/(member)/search.tsx(406,39): error TS2345: Argument of type 'string' is not assignable to parameter of type '{ isbn: string; branchId: string; }'.
app/(member)/search.tsx(547,10): error TS2304: Cannot find name 'BlurView'.
app/(member)/search.tsx(553,23): error TS2304: Cannot find name 'FadeInUp'.
app/(member)/search.tsx(556,14): error TS2304: Cannot find name 'LinearGradient'.
app/(member)/search.tsx(603,15): error TS2304: Cannot find name 'LinearGradient'.
app/(member)/search.tsx(605,11): error TS2304: Cannot find name 'BlurView'.
app/(member)/search.tsx(875,13): error TS2304: Cannot find name 'height'.
app/(member)/settings.tsx(238,40): error TS2345: Argument of type '"/(member)/downloads"' is not assignable to parameter of type '"/" | RelativePathString | ExternalPathString | `/?${string}` | `/#${string}` | "/_sitemap" | `/_sitemap?${string}` | `/_sitemap#${string}` | "/(admin)" | "/(admin)/audit" | ... 165 more ... | { ...; }'.
r2-audio-worker/src/index.ts(2,17): error TS2304: Cannot find name 'R2Bucket'.
scratch/metadata-scraper/save-to-db.ts(6,22): error TS7016: Could not find a declaration file for module 'pg'. 'C:/Users/tien2004/Downloads/library-app/node_modules/pg/esm/index.mjs' implicitly has an 'any' type.
  Try `npm i --save-dev @types/pg` if it exists or add a new declaration (.d.ts) file containing `declare module 'pg';`
scratch/metadata-scraper/thuviensachnoi-scraper.ts(72,7): error TS2353: Object literal may only specify known properties, and 'preview_url' does not exist in type 'AudiobookMetadata'.
scratch/metadata-scraper/verify-match.ts(23,29): error TS2339: Property 'preview_url' does not exist on type 'AudiobookMetadata'.
scratch/metadata-scraper/voizfm-scraper.ts(228,27): error TS2339: Property 'title' does not exist on type 'never'.
scratch/metadata-scraper/voizfm-scraper.ts(229,28): error TS2339: Property 'author' does not exist on type 'never'.
scratch/metadata-scraper/voizfm-scraper.ts(230,30): error TS2339: Property 'narrator' does not exist on type 'never'.
scratch/metadata-scraper/voizfm-scraper.ts(231,33): error TS2339: Property 'description' does not exist on type 'never'.
scratch/metadata-scraper/voizfm-scraper.ts(232,31): error TS2339: Property 'publisher' does not exist on type 'never'.
scratch/metadata-scraper/voizfm-scraper.ts(235,31): error TS2339: Property 'cover' does not exist on type 'never'.
scratch/metadata-scraper/voizfm-scraper.ts(235,53): error TS2339: Property 'image' does not exist on type 'never'.
scratch/metadata-scraper/voizfm-scraper.ts(237,29): error TS2339: Property 'duration' does not exist on type 'never'.
scratch/metadata-scraper/voizfm-scraper.ts(238,25): error TS2339: Property 'duration' does not exist on type 'never'.
scratch/metadata-scraper/voizfm-scraper.ts(242,24): error TS2339: Property 'categories' does not exist on type 'never'.
scratch/metadata-scraper/voizfm-scraper.ts(243,27): error TS2339: Property 'categories' does not exist on type 'never'.
scratch/metadata-scraper/voizfm-scraper.ts(245,27): error TS2339: Property 'tags' does not exist on type 'never'.
scratch/metadata-scraper/voizfm-scraper.ts(246,27): error TS2339: Property 'price' does not exist on type 'never'.
scratch/metadata-scraper/voizfm-scraper.ts(247,29): error TS2339: Property 'isFree' does not exist on type 'never'.
scratch/metadata-scraper/voizfm-scraper.ts(248,28): error TS2339: Property 'rating' does not exist on type 'never'.
scratch/metadata-scraper/voizfm-scraper.ts(248,51): error TS2339: Property 'totalRating' does not exist on type 'never'.
scratch/metadata-scraper/voizfm-scraper.ts(249,34): error TS2339: Property 'reviewCount' does not exist on type 'never'.
scratch/test-semantic-search.ts(34,35): error TS18046: 'err' is of type 'unknown'.
src/__tests__/useAuthStore.test.ts(135,7): error TS2740: Type '{ id: string; fullName: string; role: "LIBRARIAN"; }' is missing the following properties from type 'Profile': avatarUrl, bio, favoriteGenres, xp, and 3 more.
src/components/__tests__/CameraScanner.test.tsx(8,36): error TS2322: Type '{ children: any; testID: string; }' is not assignable to type 'DetailedHTMLProps<HTMLAttributes<HTMLDivElement>, HTMLDivElement>'.
  Property 'testID' does not exist on type 'DetailedHTMLProps<HTMLAttributes<HTMLDivElement>, HTMLDivElement>'.
src/components/AiSummaryModal.tsx(99,27): error TS2769: No overload matches this call.
  Overload 1 of 2, '(props: PropsWithChildren<MarkdownProps>, context?: any): string | number | bigint | boolean | ReactElement<unknown, string | JSXElementConstructor<any>> | ... 4 more ... | undefined', gave the following error.
    Type '{ body: { color: string; fontSize: number; lineHeight: number; }; heading1: { color: string; marginTop: number; marginBottom: number; }; heading2: { color: string; marginTop: number; marginBottom: number; }; bullet_list: { ...; }; list_item: { ...; }; strong: { ...; }; paragraph: { ...; }; }' is not assignable to type 'NamedStyles<any>'.
      Property 'strong' is incompatible with index signature.
        Type '{ color: string; fontWeight: string; }' is not assignable to type 'ViewStyle | TextStyle | ImageStyle'.
          Type '{ color: string; fontWeight: string; }' is not assignable to type 'TextStyle'.
            Types of property 'fontWeight' are incompatible.
              Type 'string' is not assignable to type '400 | 500 | 100 | "bold" | 200 | "light" | "normal" | "100" | "200" | "300" | "400" | "500" | "600" | "700" | "800" | "900" | 300 | 600 | 700 | 800 | 900 | "ultralight" | "thin" | "medium" | ... 6 more ... | undefined'.
  Overload 2 of 2, '(props: PropsWithChildren<MarkdownProps>): string | number | bigint | boolean | ReactElement<unknown, string | JSXElementConstructor<any>> | ... 4 more ... | undefined', gave the following error.
    Type '{ body: { color: string; fontSize: number; lineHeight: number; }; heading1: { color: string; marginTop: number; marginBottom: number; }; heading2: { color: string; marginTop: number; marginBottom: number; }; bullet_list: { ...; }; list_item: { ...; }; strong: { ...; }; paragraph: { ...; }; }' is not assignable to type 'NamedStyles<any>'.
      Property 'strong' is incompatible with index signature.
        Type '{ color: string; fontWeight: string; }' is not assignable to type 'ViewStyle | TextStyle | ImageStyle'.
          Type '{ color: string; fontWeight: string; }' is not assignable to type 'TextStyle'.
            Types of property 'fontWeight' are incompatible.
              Type 'string' is not assignable to type '400 | 500 | 100 | "bold" | 200 | "light" | "normal" | "100" | "200" | "300" | "400" | "500" | "600" | "700" | "800" | "900" | 300 | 600 | 700 | 800 | 900 | "ultralight" | "thin" | "medium" | ... 6 more ... | undefined'.
src/components/AnnotationLayer.tsx(5,44): error TS2307: Cannot find module '../hooks/useAnnotations' or its corresponding type declarations.
src/components/AudioPlayer.tsx(255,29): error TS2322: Type '(forcePause?: boolean) => Promise<void>' is not assignable to type '(event: GestureResponderEvent) => void'.
  Types of parameters 'forcePause' and 'event' are incompatible.
    Type 'GestureResponderEvent' is not assignable to type 'boolean | undefined'.
src/components/AudioPlayer.tsx(284,46): error TS2769: No overload matches this call.
  Overload 1 of 2, '(props: TextProps): Text', gave the following error.
    Type '0 | { color: string; } | null' is not assignable to type 'TextStyle | Falsy | RegisteredStyle<TextStyle> | RecursiveArray<TextStyle | Falsy | RegisteredStyle<TextStyle>> | readonly (TextStyle | ... 1 more ... | RegisteredStyle<...>)[]'.
      Type '0' is not assignable to type 'TextStyle | Falsy | RegisteredStyle<TextStyle> | RecursiveArray<TextStyle | Falsy | RegisteredStyle<TextStyle>> | readonly (TextStyle | ... 1 more ... | RegisteredStyle<...>)[]'.
  Overload 2 of 2, '(props: TextProps, context: any): Text', gave the following error.
    Type '0 | { color: string; } | null' is not assignable to type 'TextStyle | Falsy | RegisteredStyle<TextStyle> | RecursiveArray<TextStyle | Falsy | RegisteredStyle<TextStyle>> | readonly (TextStyle | ... 1 more ... | RegisteredStyle<...>)[]'.
      Type '0' is not assignable to type 'TextStyle | Falsy | RegisteredStyle<TextStyle> | RecursiveArray<TextStyle | Falsy | RegisteredStyle<TextStyle>> | readonly (TextStyle | ... 1 more ... | RegisteredStyle<...>)[]'.
src/components/BookItem.tsx(76,13): error TS2322: Type '{ sharedTransitionTag: string; source: { uri: string; }; style: { width: "100%"; height: "100%"; }; onError: () => void; resizeMode: "cover"; accessibilityLabel: string; }' is not assignable to type 'IntrinsicAttributes & IntrinsicClassAttributes<Component<AnimatedProps<ImageProps>, any, any>> & Readonly<...>'.
  Property 'sharedTransitionTag' does not exist on type 'IntrinsicAttributes & IntrinsicClassAttributes<Component<AnimatedProps<ImageProps>, any, any>> & Readonly<...>'.
